noun-stack.md:3: [FLAG/noun-stack] 'the customer data retention policy update process' — noun stack: use prepositions to show the relationship
noun-stack.md:5: [FLAG/noun-stack] 'the database connection pool timeout setting' — noun stack: use prepositions to show the relationship
noun-stack.md:7: [FLAG/noun-stack] 'The content delivery network cache invalidation policy' — noun stack: use prepositions to show the relationship
noun-stack.md: summary — 0 debris, 3 flags, 0 structure notes
exit=1
