repetition.md:11: [FLAG/arrows] '→' — unicode arrow in prose: type -> or write the verb
repetition.md:11: [FLAG/arrows] '→' — unicode arrow in prose: type -> or write the verb
repetition.md: [NOTE/monotony] 1 window(s) of 5 consecutive sentences with near-identical mid-band lengths — vary the rhythm
repetition.md: [NOTE/anaphora] 3 consecutive sentences open with 'verify the' — vary the opening
repetition.md: [NOTE/ordinal-listicle] 3 ordinal-labelled sentence openings — this is a list wearing paragraph clothes
repetition.md: [NOTE/duplicate-block] a block appears 2 times verbatim: 'do not rotate the certificate during a deploy window a rotat...'
repetition.md: summary — 0 debris, 2 flags, 4 structure notes
exit=1
